{
  "version": "1.5.0",
  "plugins_used": [
    {
      "name": "ArtifactoryDetector"
    },
    {
      "name": "AWSKeyDetector"
    },
    {
      "name": "AzureStorageKeyDetector"
    },
    {
      "name": "Base64HighEntropyString",
      "limit": 4.5
    },
    {
      "name": "BasicAuthDetector"
    },
    {
      "name": "CloudantDetector"
    },
    {
      "name": "DiscordBotTokenDetector"
    },
    {
      "name": "GitHubTokenDetector"
    },
    {
      "name": "GitLabTokenDetector"
    },
    {
      "name": "HexHighEntropyString",
      "limit": 3.0
    },
    {
      "name": "IbmCloudIamDetector"
    },
    {
      "name": "IbmCosHmacDetector"
    },
    {
      "name": "IPPublicDetector"
    },
    {
      "name": "JwtTokenDetector"
    },
    {
      "name": "MailchimpDetector"
    },
    {
      "name": "NpmDetector"
    },
    {
      "name": "OpenAIDetector"
    },
    {
      "name": "PrivateKeyDetector"
    },
    {
      "name": "PypiTokenDetector"
    },
    {
      "name": "SendGridDetector"
    },
    {
      "name": "SlackDetector"
    },
    {
      "name": "SoftlayerDetector"
    },
    {
      "name": "SquareOAuthDetector"
    },
    {
      "name": "StripeDetector"
    },
    {
      "name": "TelegramBotTokenDetector"
    },
    {
      "name": "TwilioKeyDetector"
    }
  ],
  "filters_used": [
    {
      "path": "detect_secrets.filters.allowlist.is_line_allowlisted"
    },
    {
      "path": "detect_secrets.filters.common.is_ignored_due_to_verification_policies",
      "min_level": 2
    },
    {
      "path": "detect_secrets.filters.heuristic.is_indirect_reference"
    },
    {
      "path": "detect_secrets.filters.heuristic.is_likely_id_string"
    },
    {
      "path": "detect_secrets.filters.heuristic.is_lock_file"
    },
    {
      "path": "detect_secrets.filters.heuristic.is_not_alphanumeric_string"
    },
    {
      "path": "detect_secrets.filters.heuristic.is_potential_uuid"
    },
    {
      "path": "detect_secrets.filters.heuristic.is_prefixed_with_dollar_sign"
    },
    {
      "path": "detect_secrets.filters.heuristic.is_sequential_string"
    },
    {
      "path": "detect_secrets.filters.heuristic.is_swagger_file"
    },
    {
      "path": "detect_secrets.filters.heuristic.is_templated_secret"
    },
    {
      "path": "detect_secrets.filters.regex.should_exclude_file",
      "pattern": [
        "pyproject\\.toml|\\.github/workflows/config/\\.secrets\\.baseline"
      ]
    }
  ],
  "results": {
    "docs/testing.md": [
      {
        "type": "Hex High Entropy String",
        "filename": "docs/testing.md",
        "hashed_secret": "3f3b8ce7c4fec509b2b74ee3e1d98170278ffe4b",
        "is_verified": false,
        "line_number": 113
      }
    ],
    "examples/configs/recipes/llm/grpo-nemotron3-super-120BA12B-16n8g-automodel-ep8.yaml": [
      {
        "type": "Base64 High Entropy String",
        "filename": "examples/configs/recipes/llm/grpo-nemotron3-super-120BA12B-16n8g-automodel-ep8.yaml",
        "hashed_secret": "4702220fec9261c7d9b0c427aceeca118b66c702",
        "is_verified": false,
        "line_number": 8
      }
    ],
    "examples/configs/recipes/llm/grpo-nemotron3-super-120BA12B-16n8g-megatron.yaml": [
      {
        "type": "Base64 High Entropy String",
        "filename": "examples/configs/recipes/llm/grpo-nemotron3-super-120BA12B-16n8g-megatron.yaml",
        "hashed_secret": "4702220fec9261c7d9b0c427aceeca118b66c702",
        "is_verified": false,
        "line_number": 8
      }
    ],
    "examples/configs/recipes/llm/performance/grpo-nemotron3-super-120BA12B-32n4g-async-1off.yaml": [
      {
        "type": "Base64 High Entropy String",
        "filename": "examples/configs/recipes/llm/performance/grpo-nemotron3-super-120BA12B-32n4g-async-1off.yaml",
        "hashed_secret": "4702220fec9261c7d9b0c427aceeca118b66c702",
        "is_verified": false,
        "line_number": 21
      }
    ],
    "examples/configs/recipes/llm/performance/grpo-nemotron3-super-120BA12B-32n4g.yaml": [
      {
        "type": "Base64 High Entropy String",
        "filename": "examples/configs/recipes/llm/performance/grpo-nemotron3-super-120BA12B-32n4g.yaml",
        "hashed_secret": "4702220fec9261c7d9b0c427aceeca118b66c702",
        "is_verified": false,
        "line_number": 15
      }
    ],
    "examples/configs/recipes/llm/performance/grpo-nemotron3-super-120BA12B-32n8g-async-1off.yaml": [
      {
        "type": "Base64 High Entropy String",
        "filename": "examples/configs/recipes/llm/performance/grpo-nemotron3-super-120BA12B-32n8g-async-1off.yaml",
        "hashed_secret": "4702220fec9261c7d9b0c427aceeca118b66c702",
        "is_verified": false,
        "line_number": 16
      }
    ],
    "examples/configs/recipes/llm/performance/grpo-nemotron3-super-120BA12B-32n8g.yaml": [
      {
        "type": "Base64 High Entropy String",
        "filename": "examples/configs/recipes/llm/performance/grpo-nemotron3-super-120BA12B-32n8g.yaml",
        "hashed_secret": "4702220fec9261c7d9b0c427aceeca118b66c702",
        "is_verified": false,
        "line_number": 11
      }
    ],
    "skills/launch-nemo-rl/skill.oms.sig": [
      {
        "type": "Base64 High Entropy String",
        "filename": "skills/launch-nemo-rl/skill.oms.sig",
        "hashed_secret": "23e1e26d131c566844bce112459b98866ef25d95",
        "is_verified": false,
        "line_number": 1
      },
      {
        "type": "Base64 High Entropy String",
        "filename": "skills/launch-nemo-rl/skill.oms.sig",
        "hashed_secret": "27f279def1dd10c0eccc0f7aafc4ca12be645f5b",
        "is_verified": false,
        "line_number": 1
      },
      {
        "type": "Base64 High Entropy String",
        "filename": "skills/launch-nemo-rl/skill.oms.sig",
        "hashed_secret": "71888255e5766384d9ab650010e82c9e9b7a5830",
        "is_verified": false,
        "line_number": 1
      },
      {
        "type": "Base64 High Entropy String",
        "filename": "skills/launch-nemo-rl/skill.oms.sig",
        "hashed_secret": "aa3ab3dc5a0b80e649347edd60beb7ee1bd57781",
        "is_verified": false,
        "line_number": 1
      },
      {
        "type": "Base64 High Entropy String",
        "filename": "skills/launch-nemo-rl/skill.oms.sig",
        "hashed_secret": "db36278959ea4d6a27951ea31a22b786749bdb26",
        "is_verified": false,
        "line_number": 1
      }
    ],
    "skills/nemo-rl-auto-research/skill.oms.sig": [
      {
        "type": "Base64 High Entropy String",
        "filename": "skills/nemo-rl-auto-research/skill.oms.sig",
        "hashed_secret": "09acb08863acfd9a83c0b1c9b8d905858a996e23",
        "is_verified": false,
        "line_number": 1
      },
      {
        "type": "Base64 High Entropy String",
        "filename": "skills/nemo-rl-auto-research/skill.oms.sig",
        "hashed_secret": "27f279def1dd10c0eccc0f7aafc4ca12be645f5b",
        "is_verified": false,
        "line_number": 1
      },
      {
        "type": "Base64 High Entropy String",
        "filename": "skills/nemo-rl-auto-research/skill.oms.sig",
        "hashed_secret": "749e39663a2e3b8ce9bc327e8efa28bf2d1e7377",
        "is_verified": false,
        "line_number": 1
      },
      {
        "type": "Base64 High Entropy String",
        "filename": "skills/nemo-rl-auto-research/skill.oms.sig",
        "hashed_secret": "aa3ab3dc5a0b80e649347edd60beb7ee1bd57781",
        "is_verified": false,
        "line_number": 1
      },
      {
        "type": "Base64 High Entropy String",
        "filename": "skills/nemo-rl-auto-research/skill.oms.sig",
        "hashed_secret": "db36278959ea4d6a27951ea31a22b786749bdb26",
        "is_verified": false,
        "line_number": 1
      }
    ],
    "skills/nemo-rl-brev-etiquette/skill.oms.sig": [
      {
        "type": "Base64 High Entropy String",
        "filename": "skills/nemo-rl-brev-etiquette/skill.oms.sig",
        "hashed_secret": "0cd671e03ab0d161b63647a8b16bd3b771045ec5",
        "is_verified": false,
        "line_number": 1
      },
      {
        "type": "Base64 High Entropy String",
        "filename": "skills/nemo-rl-brev-etiquette/skill.oms.sig",
        "hashed_secret": "27f279def1dd10c0eccc0f7aafc4ca12be645f5b",
        "is_verified": false,
        "line_number": 1
      },
      {
        "type": "Base64 High Entropy String",
        "filename": "skills/nemo-rl-brev-etiquette/skill.oms.sig",
        "hashed_secret": "aa3ab3dc5a0b80e649347edd60beb7ee1bd57781",
        "is_verified": false,
        "line_number": 1
      },
      {
        "type": "Base64 High Entropy String",
        "filename": "skills/nemo-rl-brev-etiquette/skill.oms.sig",
        "hashed_secret": "db36278959ea4d6a27951ea31a22b786749bdb26",
        "is_verified": false,
        "line_number": 1
      },
      {
        "type": "Base64 High Entropy String",
        "filename": "skills/nemo-rl-brev-etiquette/skill.oms.sig",
        "hashed_secret": "f215a75b4744385a4591b72bbdfed7947aeeaeeb",
        "is_verified": false,
        "line_number": 1
      }
    ],
    "skills/nemo-rl-docs/skill.oms.sig": [
      {
        "type": "Base64 High Entropy String",
        "filename": "skills/nemo-rl-docs/skill.oms.sig",
        "hashed_secret": "27f279def1dd10c0eccc0f7aafc4ca12be645f5b",
        "is_verified": false,
        "line_number": 1
      },
      {
        "type": "Base64 High Entropy String",
        "filename": "skills/nemo-rl-docs/skill.oms.sig",
        "hashed_secret": "6632218f1e377e581073dcc82c6dcf261f651edb",
        "is_verified": false,
        "line_number": 1
      },
      {
        "type": "Base64 High Entropy String",
        "filename": "skills/nemo-rl-docs/skill.oms.sig",
        "hashed_secret": "aa3ab3dc5a0b80e649347edd60beb7ee1bd57781",
        "is_verified": false,
        "line_number": 1
      },
      {
        "type": "Base64 High Entropy String",
        "filename": "skills/nemo-rl-docs/skill.oms.sig",
        "hashed_secret": "db36278959ea4d6a27951ea31a22b786749bdb26",
        "is_verified": false,
        "line_number": 1
      },
      {
        "type": "Base64 High Entropy String",
        "filename": "skills/nemo-rl-docs/skill.oms.sig",
        "hashed_secret": "fa958103080751e89c187e151851ecf392e616a8",
        "is_verified": false,
        "line_number": 1
      }
    ],
    "skills/nemo-rl-session-memory/skill.oms.sig": [
      {
        "type": "Base64 High Entropy String",
        "filename": "skills/nemo-rl-session-memory/skill.oms.sig",
        "hashed_secret": "27f279def1dd10c0eccc0f7aafc4ca12be645f5b",
        "is_verified": false,
        "line_number": 1
      },
      {
        "type": "Base64 High Entropy String",
        "filename": "skills/nemo-rl-session-memory/skill.oms.sig",
        "hashed_secret": "806178f214d263337c4d7a7a76f643457a225b25",
        "is_verified": false,
        "line_number": 1
      },
      {
        "type": "Base64 High Entropy String",
        "filename": "skills/nemo-rl-session-memory/skill.oms.sig",
        "hashed_secret": "aa3ab3dc5a0b80e649347edd60beb7ee1bd57781",
        "is_verified": false,
        "line_number": 1
      },
      {
        "type": "Base64 High Entropy String",
        "filename": "skills/nemo-rl-session-memory/skill.oms.sig",
        "hashed_secret": "af6a6052afca03186758eb3fedd984fa1678f3d4",
        "is_verified": false,
        "line_number": 1
      },
      {
        "type": "Base64 High Entropy String",
        "filename": "skills/nemo-rl-session-memory/skill.oms.sig",
        "hashed_secret": "db36278959ea4d6a27951ea31a22b786749bdb26",
        "is_verified": false,
        "line_number": 1
      }
    ],
    "tests/unit/test_version_check.py": [
      {
        "type": "Hex High Entropy String",
        "filename": "tests/unit/test_version_check.py",
        "hashed_secret": "90bd1b48e958257948487b90bee080ba5ed00caa",
        "is_verified": false,
        "line_number": 95
      }
    ]
  },
  "generated_at": "2026-07-15T20:07:55Z"
}
